[debug] [2026-02-21T07:56:22.707Z] ----------------------------------------------------------------------
[debug] [2026-02-21T07:56:22.708Z] Command:       /usr/local/bin/node /usr/local/bin/firebase init firestore
[debug] [2026-02-21T07:56:22.708Z] CLI Version:   14.23.0
[debug] [2026-02-21T07:56:22.708Z] Platform:      darwin
[debug] [2026-02-21T07:56:22.708Z] Node Version:  v22.12.0
[debug] [2026-02-21T07:56:22.708Z] Time:          Sat Feb 21 2026 02:56:22 GMT-0500 (Eastern Standard Time)
[debug] [2026-02-21T07:56:22.708Z] ----------------------------------------------------------------------
[debug] 
[debug] [2026-02-21T07:56:22.709Z] >>> [apiv2][query] GET https://firebase-public.firebaseio.com/cli.json [none]
[info] 
     ######## #### ########  ######## ########     ###     ######  ########
     ##        ##  ##     ## ##       ##     ##  ##   ##  ##       ##
     ######    ##  ########  ######   ########  #########  ######  ######
     ##        ##  ##    ##  ##       ##     ## ##     ##       ## ##
     ##       #### ##     ## ######## ########  ##     ##  ######  ########

You're about to initialize a Firebase project in this directory:

  /Users/neel/winners

[info] 
=== Project Setup
[info] 
[info] First, let's associate this project directory with a Firebase project.
[info] You can create multiple project aliases by running firebase use --add, 
[info] 
[debug] [2026-02-21T07:56:22.831Z] <<< [apiv2][status] GET https://firebase-public.firebaseio.com/cli.json 200
[debug] [2026-02-21T07:56:22.831Z] <<< [apiv2][body] GET https://firebase-public.firebaseio.com/cli.json {"cloudBuildErrorAfter":1594252800000,"cloudBuildWarnAfter":1590019200000,"defaultNode10After":1594252800000,"minVersion":"3.0.5","node8DeploysDisabledAfter":1613390400000,"node8RuntimeDisabledAfter":1615809600000,"node8WarnAfter":1600128000000}
[debug] [2026-02-21T07:56:28.470Z] > command requires scopes: ["email","openid","https://www.googleapis.com/auth/cloudplatformprojects.readonly","https://www.googleapis.com/auth/firebase","https://www.googleapis.com/auth/cloud-platform"]
[debug] [2026-02-21T07:56:28.470Z] > authorizing via signed-in user (neelmaddu1@gmail.com)
[debug] [2026-02-21T07:56:28.471Z] Checked if tokens are valid: false, expires at: 1733772398344
[debug] [2026-02-21T07:56:28.471Z] Checked if tokens are valid: false, expires at: 1733772398344
[debug] [2026-02-21T07:56:28.471Z] > refreshing access token with scopes: []
[debug] [2026-02-21T07:56:28.472Z] >>> [apiv2][query] POST https://www.googleapis.com/oauth2/v3/token [none]
[debug] [2026-02-21T07:56:28.472Z] >>> [apiv2][body] POST https://www.googleapis.com/oauth2/v3/token [omitted]
[debug] [2026-02-21T07:56:28.513Z] <<< [apiv2][status] POST https://www.googleapis.com/oauth2/v3/token 400
[debug] [2026-02-21T07:56:28.514Z] <<< [apiv2][body] POST https://www.googleapis.com/oauth2/v3/token [omitted]
[debug] [2026-02-21T07:56:28.514Z] >>> [apiv2][query] GET https://firebase.googleapis.com/v1beta1/projects pageSize=100
[debug] [2026-02-21T07:56:28.575Z] <<< [apiv2][status] GET https://firebase.googleapis.com/v1beta1/projects 401
[debug] [2026-02-21T07:56:28.575Z] <<< [apiv2][body] GET https://firebase.googleapis.com/v1beta1/projects [omitted]
[debug] [2026-02-21T07:56:28.575Z] Got a 401 Unauthenticated error for a call that required authentication. Refreshing tokens.
[debug] [2026-02-21T07:56:28.575Z] Checked if tokens are valid: false, expires at: 1733772398344
[debug] [2026-02-21T07:56:28.575Z] Checked if tokens are valid: false, expires at: 1733772398344
[debug] [2026-02-21T07:56:28.575Z] > refreshing access token with scopes: []
[debug] [2026-02-21T07:56:28.576Z] >>> [apiv2][query] POST https://www.googleapis.com/oauth2/v3/token [none]
[debug] [2026-02-21T07:56:28.576Z] >>> [apiv2][body] POST https://www.googleapis.com/oauth2/v3/token [omitted]
[debug] [2026-02-21T07:56:28.600Z] <<< [apiv2][status] POST https://www.googleapis.com/oauth2/v3/token 400
[debug] [2026-02-21T07:56:28.600Z] <<< [apiv2][body] POST https://www.googleapis.com/oauth2/v3/token [omitted]
[debug] [2026-02-21T07:56:28.601Z] Request to https://firebase.googleapis.com/v1beta1/projects?pageSize=100 had HTTP Error: 401, Request had invalid authentication credentials. Expected OAuth 2 access token, login cookie or other valid authentication credential. See https://developers.google.com/identity/sign-in/web/devconsole-project.
[debug] [2026-02-21T07:56:28.634Z] FirebaseError: Request to https://firebase.googleapis.com/v1beta1/projects?pageSize=100 had HTTP Error: 401, Request had invalid authentication credentials. Expected OAuth 2 access token, login cookie or other valid authentication credential. See https://developers.google.com/identity/sign-in/web/devconsole-project.
    at responseToError (/usr/local/lib/node_modules/firebase-tools/lib/responseToError.js:53:12)
    at RetryOperation._fn (/usr/local/lib/node_modules/firebase-tools/lib/apiv2.js:322:77)
    at process.processTicksAndRejections (node:internal/process/task_queues:105:5)
[error] 
[error] Error: Failed to list Firebase projects. See firebase-debug.log for more info.
